INFO  exec            :: QUERY
  PREFIX  idx:  <https://w3id.org/baseball/query-index/>
  PREFIX  rdfs: <http://www.w3.org/2000/01/rdf-schema#>

  SELECT DISTINCT  ?player ?playerLabel
  WHERE
    { VALUES ?graph { <https://w3id.org/baseball/graph/query-index/game/822867> <https://w3id.org/baseball/graph/query-index/game/823431> <https://w3id.org/baseball/graph/query-index/game/823520> <https://w3id.org/baseball/graph/query-index/game/823757> <https://w3id.org/baseball/graph/query-index/game/824160> <https://w3id.org/baseball/graph/query-index/game/824324> <https://w3id.org/baseball/graph/query-index/game/824647> <https://w3id.org/baseball/graph/query-index/game/825095> }
      GRAPH ?graph
        { ?plateAppearance
                    a           idx:PlateAppearanceFact ;
                    idx:agent   ?player .
          ?player   rdfs:label  ?playerLabel
        }
    }
  ORDER BY lcase(str(?playerLabel))
INFO  exec            :: ALGEBRA
  (order ((lcase (str ?playerLabel)))
    (distinct
      (project (?player ?playerLabel)
        (sequence
          (table (vars ?graph)
            (row [?graph <https://w3id.org/baseball/graph/query-index/game/822867>])
            (row [?graph <https://w3id.org/baseball/graph/query-index/game/823431>])
            (row [?graph <https://w3id.org/baseball/graph/query-index/game/823520>])
            (row [?graph <https://w3id.org/baseball/graph/query-index/game/823757>])
            (row [?graph <https://w3id.org/baseball/graph/query-index/game/824160>])
            (row [?graph <https://w3id.org/baseball/graph/query-index/game/824324>])
            (row [?graph <https://w3id.org/baseball/graph/query-index/game/824647>])
            (row [?graph <https://w3id.org/baseball/graph/query-index/game/825095>])
          )
          (quadpattern
            (quad ?graph ?plateAppearance <http://www.w3.org/1999/02/22-rdf-syntax-ns#type> <https://w3id.org/baseball/query-index/PlateAppearanceFact>)
            (quad ?graph ?plateAppearance <https://w3id.org/baseball/query-index/agent> ?player)
            (quad ?graph ?player <http://www.w3.org/2000/01/rdf-schema#label> ?playerLabel)
          )))))
INFO  exec            :: TDB2
  (order ((lcase (str ?playerLabel)))
    (distinct
      (project (?player ?playerLabel)
        (sequence
          (table (vars ?graph)
            (row [?graph <https://w3id.org/baseball/graph/query-index/game/822867>])
            (row [?graph <https://w3id.org/baseball/graph/query-index/game/823431>])
            (row [?graph <https://w3id.org/baseball/graph/query-index/game/823520>])
            (row [?graph <https://w3id.org/baseball/graph/query-index/game/823757>])
            (row [?graph <https://w3id.org/baseball/graph/query-index/game/824160>])
            (row [?graph <https://w3id.org/baseball/graph/query-index/game/824324>])
            (row [?graph <https://w3id.org/baseball/graph/query-index/game/824647>])
            (row [?graph <https://w3id.org/baseball/graph/query-index/game/825095>])
          )
          (quadpattern
            (quad ?graph ?plateAppearance <http://www.w3.org/1999/02/22-rdf-syntax-ns#type> <https://w3id.org/baseball/query-index/PlateAppearanceFact>)
            (quad ?graph ?plateAppearance <https://w3id.org/baseball/query-index/agent> ?player)
            (quad ?graph ?player <http://www.w3.org/2000/01/rdf-schema#label> ?playerLabel)
          )))))
INFO  exec            :: Execute
  ?plateAppearance rdf:type <https://w3id.org/baseball/query-index/PlateAppearanceFact>
  ?plateAppearance <https://w3id.org/baseball/query-index/agent> ?player
  ?player rdfs:label ?playerLabel
