INFO  exec            :: QUERY
  PREFIX  obo:  <http://purl.obolibrary.org/obo/>
  PREFIX  rdfs: <http://www.w3.org/2000/01/rdf-schema#>
  PREFIX  base: <https://baseballontology.org/>

  SELECT DISTINCT  ?player ?playerLabel
  WHERE
    { VALUES ?graph { <https://w3id.org/baseball/graph/game/822867> <https://w3id.org/baseball/graph/game/823431> <https://w3id.org/baseball/graph/game/823520> <https://w3id.org/baseball/graph/game/823757> <https://w3id.org/baseball/graph/game/824160> <https://w3id.org/baseball/graph/game/824324> <https://w3id.org/baseball/graph/game/824647> <https://w3id.org/baseball/graph/game/825095> }
      GRAPH ?graph
        { ?batterAct  a              base:BatterAct ;
                    obo:BFO_0000057  ?player .
          ?player   rdfs:label       ?playerLabel
        }
      FILTER strstarts(str(?graph), "https://w3id.org/baseball/graph/game/")
    }
  ORDER BY lcase(str(?playerLabel))
INFO  exec            :: ALGEBRA
  (order ((lcase (str ?playerLabel)))
    (distinct
      (project (?player ?playerLabel)
        (sequence
          (filter (strstarts (str ?graph) "https://w3id.org/baseball/graph/game/")
            (table (vars ?graph)
              (row [?graph <https://w3id.org/baseball/graph/game/822867>])
              (row [?graph <https://w3id.org/baseball/graph/game/823431>])
              (row [?graph <https://w3id.org/baseball/graph/game/823520>])
              (row [?graph <https://w3id.org/baseball/graph/game/823757>])
              (row [?graph <https://w3id.org/baseball/graph/game/824160>])
              (row [?graph <https://w3id.org/baseball/graph/game/824324>])
              (row [?graph <https://w3id.org/baseball/graph/game/824647>])
              (row [?graph <https://w3id.org/baseball/graph/game/825095>])
            ))
          (quadpattern
            (quad ?graph ?batterAct <http://www.w3.org/1999/02/22-rdf-syntax-ns#type> <https://baseballontology.org/BatterAct>)
            (quad ?graph ?batterAct <http://purl.obolibrary.org/obo/BFO_0000057> ?player)
            (quad ?graph ?player <http://www.w3.org/2000/01/rdf-schema#label> ?playerLabel)
          )))))
INFO  exec            :: TDB2
  (order ((lcase (str ?playerLabel)))
    (distinct
      (project (?player ?playerLabel)
        (sequence
          (filter (strstarts (str ?graph) "https://w3id.org/baseball/graph/game/")
            (table (vars ?graph)
              (row [?graph <https://w3id.org/baseball/graph/game/822867>])
              (row [?graph <https://w3id.org/baseball/graph/game/823431>])
              (row [?graph <https://w3id.org/baseball/graph/game/823520>])
              (row [?graph <https://w3id.org/baseball/graph/game/823757>])
              (row [?graph <https://w3id.org/baseball/graph/game/824160>])
              (row [?graph <https://w3id.org/baseball/graph/game/824324>])
              (row [?graph <https://w3id.org/baseball/graph/game/824647>])
              (row [?graph <https://w3id.org/baseball/graph/game/825095>])
            ))
          (quadpattern
            (quad ?graph ?batterAct <http://www.w3.org/1999/02/22-rdf-syntax-ns#type> <https://baseballontology.org/BatterAct>)
            (quad ?graph ?batterAct <http://purl.obolibrary.org/obo/BFO_0000057> ?player)
            (quad ?graph ?player <http://www.w3.org/2000/01/rdf-schema#label> ?playerLabel)
          )))))
INFO  exec            :: Execute
  ?batterAct rdf:type <https://baseballontology.org/BatterAct>
  ?batterAct <http://purl.obolibrary.org/obo/BFO_0000057> ?player
  ?player rdfs:label ?playerLabel
