INFO  exec            :: QUERY
  PREFIX  idx:  <https://w3id.org/baseball/query-index/>
  PREFIX  rdfs: <http://www.w3.org/2000/01/rdf-schema#>
  PREFIX  base: <https://baseballontology.org/>

  SELECT  ?player ?playerLabel (COUNT(DISTINCT ?result) AS ?extraBaseHits)
  WHERE
    { VALUES ?graph { <https://w3id.org/baseball/graph/query-index/game/822867> <https://w3id.org/baseball/graph/query-index/game/823431> <https://w3id.org/baseball/graph/query-index/game/823520> <https://w3id.org/baseball/graph/query-index/game/823757> <https://w3id.org/baseball/graph/query-index/game/824160> <https://w3id.org/baseball/graph/query-index/game/824324> <https://w3id.org/baseball/graph/query-index/game/824647> <https://w3id.org/baseball/graph/query-index/game/825095> }
      GRAPH ?graph
        { ?result  a            idx:HitFact ;
                   idx:agent    ?player ;
                   idx:hitType  ?hitClass .
          ?player  rdfs:label   ?playerLabel
          VALUES ?hitClass { base:DoubleProcess base:TripleProcess base:HomeRunProcess }
        }
    }
  GROUP BY ?player ?playerLabel
  ORDER BY DESC(?extraBaseHits) lcase(str(?playerLabel))
INFO  exec            :: ALGEBRA
  (project (?player ?playerLabel ?extraBaseHits)
    (order ((desc ?extraBaseHits) (lcase (str ?playerLabel)))
      (extend ((?extraBaseHits ?.0))
        (group (?player ?playerLabel) ((?.0 (count distinct ?result)))
          (sequence
            (table (vars ?graph)
              (row [?graph <https://w3id.org/baseball/graph/query-index/game/822867>])
              (row [?graph <https://w3id.org/baseball/graph/query-index/game/823431>])
              (row [?graph <https://w3id.org/baseball/graph/query-index/game/823520>])
              (row [?graph <https://w3id.org/baseball/graph/query-index/game/823757>])
              (row [?graph <https://w3id.org/baseball/graph/query-index/game/824160>])
              (row [?graph <https://w3id.org/baseball/graph/query-index/game/824324>])
              (row [?graph <https://w3id.org/baseball/graph/query-index/game/824647>])
              (row [?graph <https://w3id.org/baseball/graph/query-index/game/825095>])
            )
            (sequence
              (table (vars ?hitClass)
                (row [?hitClass <https://baseballontology.org/DoubleProcess>])
                (row [?hitClass <https://baseballontology.org/TripleProcess>])
                (row [?hitClass <https://baseballontology.org/HomeRunProcess>])
              )
              (quadpattern
                (quad ?graph ?result <http://www.w3.org/1999/02/22-rdf-syntax-ns#type> <https://w3id.org/baseball/query-index/HitFact>)
                (quad ?graph ?result <https://w3id.org/baseball/query-index/agent> ?player)
                (quad ?graph ?result <https://w3id.org/baseball/query-index/hitType> ?hitClass)
                (quad ?graph ?player <http://www.w3.org/2000/01/rdf-schema#label> ?playerLabel)
              )))))))
INFO  exec            :: TDB2
  (project (?player ?playerLabel ?extraBaseHits)
    (order ((desc ?extraBaseHits) (lcase (str ?playerLabel)))
      (extend ((?extraBaseHits ?.0))
        (group (?player ?playerLabel) ((?.0 (count distinct ?result)))
          (sequence
            (table (vars ?graph)
              (row [?graph <https://w3id.org/baseball/graph/query-index/game/822867>])
              (row [?graph <https://w3id.org/baseball/graph/query-index/game/823431>])
              (row [?graph <https://w3id.org/baseball/graph/query-index/game/823520>])
              (row [?graph <https://w3id.org/baseball/graph/query-index/game/823757>])
              (row [?graph <https://w3id.org/baseball/graph/query-index/game/824160>])
              (row [?graph <https://w3id.org/baseball/graph/query-index/game/824324>])
              (row [?graph <https://w3id.org/baseball/graph/query-index/game/824647>])
              (row [?graph <https://w3id.org/baseball/graph/query-index/game/825095>])
            )
            (sequence
              (table (vars ?hitClass)
                (row [?hitClass <https://baseballontology.org/DoubleProcess>])
                (row [?hitClass <https://baseballontology.org/TripleProcess>])
                (row [?hitClass <https://baseballontology.org/HomeRunProcess>])
              )
              (quadpattern
                (quad ?graph ?result <http://www.w3.org/1999/02/22-rdf-syntax-ns#type> <https://w3id.org/baseball/query-index/HitFact>)
                (quad ?graph ?result <https://w3id.org/baseball/query-index/agent> ?player)
                (quad ?graph ?result <https://w3id.org/baseball/query-index/hitType> ?hitClass)
                (quad ?graph ?player <http://www.w3.org/2000/01/rdf-schema#label> ?playerLabel)
              )))))))
INFO  exec            :: Execute
  ?result <https://w3id.org/baseball/query-index/hitType> ?hitClass
  ?result rdf:type <https://w3id.org/baseball/query-index/HitFact>
  ?result <https://w3id.org/baseball/query-index/agent> ?player
  ?player rdfs:label ?playerLabel
