INFO  exec            :: QUERY
  PREFIX  idx:  <https://w3id.org/baseball/query-index/>
  PREFIX  rdfs: <http://www.w3.org/2000/01/rdf-schema#>

  SELECT  ?season ?team ?teamLabel (COUNT(DISTINCT ?game) AS ?games)
  WHERE
    { VALUES ?graph { <https://w3id.org/baseball/graph/query-index/game/822867> <https://w3id.org/baseball/graph/query-index/game/823431> <https://w3id.org/baseball/graph/query-index/game/823520> <https://w3id.org/baseball/graph/query-index/game/823757> <https://w3id.org/baseball/graph/query-index/game/824160> <https://w3id.org/baseball/graph/query-index/game/824324> <https://w3id.org/baseball/graph/query-index/game/824647> <https://w3id.org/baseball/graph/query-index/game/825095> }
      GRAPH ?graph
        { ?game     a                   idx:GameFact ;
                    idx:season          ?season .
          ?assignment  a                idx:AssignmentFact ;
                    idx:assignee        ?team ;
                    idx:assignmentType  ?assignmentType ;
                    idx:game            ?game
          VALUES ?assignmentType { idx:HomeTeam idx:AwayTeam }
          ?team  rdfs:label  ?teamLabel
        }
    }
  GROUP BY ?season ?team ?teamLabel
  ORDER BY ?season DESC(?games) lcase(str(?teamLabel))
INFO  exec            :: ALGEBRA
  (project (?season ?team ?teamLabel ?games)
    (order (?season (desc ?games) (lcase (str ?teamLabel)))
      (extend ((?games ?.0))
        (group (?season ?team ?teamLabel) ((?.0 (count distinct ?game)))
          (sequence
            (table (vars ?graph)
              (row [?graph <https://w3id.org/baseball/graph/query-index/game/822867>])
              (row [?graph <https://w3id.org/baseball/graph/query-index/game/823431>])
              (row [?graph <https://w3id.org/baseball/graph/query-index/game/823520>])
              (row [?graph <https://w3id.org/baseball/graph/query-index/game/823757>])
              (row [?graph <https://w3id.org/baseball/graph/query-index/game/824160>])
              (row [?graph <https://w3id.org/baseball/graph/query-index/game/824324>])
              (row [?graph <https://w3id.org/baseball/graph/query-index/game/824647>])
              (row [?graph <https://w3id.org/baseball/graph/query-index/game/825095>])
            )
            (sequence
              (table (vars ?assignmentType)
                (row [?assignmentType <https://w3id.org/baseball/query-index/HomeTeam>])
                (row [?assignmentType <https://w3id.org/baseball/query-index/AwayTeam>])
              )
              (quadpattern
                (quad ?graph ?game <http://www.w3.org/1999/02/22-rdf-syntax-ns#type> <https://w3id.org/baseball/query-index/GameFact>)
                (quad ?graph ?game <https://w3id.org/baseball/query-index/season> ?season)
                (quad ?graph ?assignment <http://www.w3.org/1999/02/22-rdf-syntax-ns#type> <https://w3id.org/baseball/query-index/AssignmentFact>)
                (quad ?graph ?assignment <https://w3id.org/baseball/query-index/assignee> ?team)
                (quad ?graph ?assignment <https://w3id.org/baseball/query-index/assignmentType> ?assignmentType)
                (quad ?graph ?assignment <https://w3id.org/baseball/query-index/game> ?game)
                (quad ?graph ?team <http://www.w3.org/2000/01/rdf-schema#label> ?teamLabel)
              )))))))
INFO  exec            :: TDB2
  (project (?season ?team ?teamLabel ?games)
    (order (?season (desc ?games) (lcase (str ?teamLabel)))
      (extend ((?games ?.0))
        (group (?season ?team ?teamLabel) ((?.0 (count distinct ?game)))
          (sequence
            (table (vars ?graph)
              (row [?graph <https://w3id.org/baseball/graph/query-index/game/822867>])
              (row [?graph <https://w3id.org/baseball/graph/query-index/game/823431>])
              (row [?graph <https://w3id.org/baseball/graph/query-index/game/823520>])
              (row [?graph <https://w3id.org/baseball/graph/query-index/game/823757>])
              (row [?graph <https://w3id.org/baseball/graph/query-index/game/824160>])
              (row [?graph <https://w3id.org/baseball/graph/query-index/game/824324>])
              (row [?graph <https://w3id.org/baseball/graph/query-index/game/824647>])
              (row [?graph <https://w3id.org/baseball/graph/query-index/game/825095>])
            )
            (sequence
              (table (vars ?assignmentType)
                (row [?assignmentType <https://w3id.org/baseball/query-index/HomeTeam>])
                (row [?assignmentType <https://w3id.org/baseball/query-index/AwayTeam>])
              )
              (quadpattern
                (quad ?graph ?game <http://www.w3.org/1999/02/22-rdf-syntax-ns#type> <https://w3id.org/baseball/query-index/GameFact>)
                (quad ?graph ?game <https://w3id.org/baseball/query-index/season> ?season)
                (quad ?graph ?assignment <http://www.w3.org/1999/02/22-rdf-syntax-ns#type> <https://w3id.org/baseball/query-index/AssignmentFact>)
                (quad ?graph ?assignment <https://w3id.org/baseball/query-index/assignee> ?team)
                (quad ?graph ?assignment <https://w3id.org/baseball/query-index/assignmentType> ?assignmentType)
                (quad ?graph ?assignment <https://w3id.org/baseball/query-index/game> ?game)
                (quad ?graph ?team <http://www.w3.org/2000/01/rdf-schema#label> ?teamLabel)
              )))))))
INFO  exec            :: Execute
  ?assignment <https://w3id.org/baseball/query-index/assignmentType> ?assignmentType
  ?assignment rdf:type <https://w3id.org/baseball/query-index/AssignmentFact>
  ?assignment <https://w3id.org/baseball/query-index/assignee> ?team
  ?assignment <https://w3id.org/baseball/query-index/game> ?game
  ?game rdf:type <https://w3id.org/baseball/query-index/GameFact>
  ?game <https://w3id.org/baseball/query-index/season> ?season
  ?team rdfs:label ?teamLabel
