INFO  exec            :: QUERY
  PREFIX  rdfs: <http://www.w3.org/2000/01/rdf-schema#>
  PREFIX  obo:  <http://purl.obolibrary.org/obo/>
  PREFIX  cco:  <https://www.commoncoreontologies.org/>
  PREFIX  base: <https://baseballontology.org/>

  SELECT  ?game ?player ?playerLabel (COUNT(DISTINCT ?result) AS ?hits)
  WHERE
    { VALUES ?graph { <https://w3id.org/baseball/graph/game/822867> <https://w3id.org/baseball/graph/game/823431> <https://w3id.org/baseball/graph/game/823520> <https://w3id.org/baseball/graph/game/823757> <https://w3id.org/baseball/graph/game/824160> <https://w3id.org/baseball/graph/game/824324> <https://w3id.org/baseball/graph/game/824647> <https://w3id.org/baseball/graph/game/825095> }
      GRAPH ?graph
        { ?game     a                base:BaseballGame .
          ?result   a                base:BaseballInstitutionalProcess ;
                    a                ?hitClass ;
                    obo:BFO_0000132  ?plateAppearance ;
                    obo:BFO_0000117  ?hitJudgment .
          ?hitJudgment  a            base:HitJudgmentAct .
          ?plateAppearance
                    a                base:PlateAppearance .
          ?plateAppearance (obo:BFO_0000132/obo:BFO_0000132)/obo:BFO_0000132 ?game .
          ?batterAct  a              base:BatterAct ;
                    obo:BFO_0000132  ?plateAppearance ;
                    obo:BFO_0000057  ?player .
          ?player   rdfs:label       ?playerLabel
          VALUES ?hitClass { base:SingleProcess base:DoubleProcess base:TripleProcess base:HomeRunProcess }
        }
    }
  GROUP BY ?game ?player ?playerLabel
  HAVING ( COUNT(DISTINCT ?result) >= 2 )
  ORDER BY DESC(?hits) lcase(str(?playerLabel)) ?game
INFO  exec            :: ALGEBRA
  (project (?game ?player ?playerLabel ?hits)
    (order ((desc ?hits) (lcase (str ?playerLabel)) ?game)
      (filter (>= ?.0 2)
        (extend ((?hits ?.0))
          (group (?game ?player ?playerLabel) ((?.0 (count distinct ?result)))
            (sequence
              (table (vars ?graph)
                (row [?graph <https://w3id.org/baseball/graph/game/822867>])
                (row [?graph <https://w3id.org/baseball/graph/game/823431>])
                (row [?graph <https://w3id.org/baseball/graph/game/823520>])
                (row [?graph <https://w3id.org/baseball/graph/game/823757>])
                (row [?graph <https://w3id.org/baseball/graph/game/824160>])
                (row [?graph <https://w3id.org/baseball/graph/game/824324>])
                (row [?graph <https://w3id.org/baseball/graph/game/824647>])
                (row [?graph <https://w3id.org/baseball/graph/game/825095>])
              )
              (sequence
                (table (vars ?hitClass)
                  (row [?hitClass <https://baseballontology.org/SingleProcess>])
                  (row [?hitClass <https://baseballontology.org/DoubleProcess>])
                  (row [?hitClass <https://baseballontology.org/TripleProcess>])
                  (row [?hitClass <https://baseballontology.org/HomeRunProcess>])
                )
                (quadpattern
                  (quad ?graph ?game <http://www.w3.org/1999/02/22-rdf-syntax-ns#type> <https://baseballontology.org/BaseballGame>)
                  (quad ?graph ?result <http://www.w3.org/1999/02/22-rdf-syntax-ns#type> <https://baseballontology.org/BaseballInstitutionalProcess>)
                  (quad ?graph ?result <http://www.w3.org/1999/02/22-rdf-syntax-ns#type> ?hitClass)
                  (quad ?graph ?result <http://purl.obolibrary.org/obo/BFO_0000132> ?plateAppearance)
                  (quad ?graph ?result <http://purl.obolibrary.org/obo/BFO_0000117> ?hitJudgment)
                  (quad ?graph ?hitJudgment <http://www.w3.org/1999/02/22-rdf-syntax-ns#type> <https://baseballontology.org/HitJudgmentAct>)
                  (quad ?graph ?plateAppearance <http://www.w3.org/1999/02/22-rdf-syntax-ns#type> <https://baseballontology.org/PlateAppearance>)
                  (quad ?graph ?plateAppearance <http://purl.obolibrary.org/obo/BFO_0000132> ??P1)
                  (quad ?graph ??P1 <http://purl.obolibrary.org/obo/BFO_0000132> ??P0)
                  (quad ?graph ??P0 <http://purl.obolibrary.org/obo/BFO_0000132> ?game)
                  (quad ?graph ?batterAct <http://www.w3.org/1999/02/22-rdf-syntax-ns#type> <https://baseballontology.org/BatterAct>)
                  (quad ?graph ?batterAct <http://purl.obolibrary.org/obo/BFO_0000132> ?plateAppearance)
                  (quad ?graph ?batterAct <http://purl.obolibrary.org/obo/BFO_0000057> ?player)
                  (quad ?graph ?player <http://www.w3.org/2000/01/rdf-schema#label> ?playerLabel)
                ))))))))
INFO  exec            :: TDB2
  (project (?game ?player ?playerLabel ?hits)
    (order ((desc ?hits) (lcase (str ?playerLabel)) ?game)
      (filter (>= ?.0 2)
        (extend ((?hits ?.0))
          (group (?game ?player ?playerLabel) ((?.0 (count distinct ?result)))
            (sequence
              (table (vars ?graph)
                (row [?graph <https://w3id.org/baseball/graph/game/822867>])
                (row [?graph <https://w3id.org/baseball/graph/game/823431>])
                (row [?graph <https://w3id.org/baseball/graph/game/823520>])
                (row [?graph <https://w3id.org/baseball/graph/game/823757>])
                (row [?graph <https://w3id.org/baseball/graph/game/824160>])
                (row [?graph <https://w3id.org/baseball/graph/game/824324>])
                (row [?graph <https://w3id.org/baseball/graph/game/824647>])
                (row [?graph <https://w3id.org/baseball/graph/game/825095>])
              )
              (sequence
                (table (vars ?hitClass)
                  (row [?hitClass <https://baseballontology.org/SingleProcess>])
                  (row [?hitClass <https://baseballontology.org/DoubleProcess>])
                  (row [?hitClass <https://baseballontology.org/TripleProcess>])
                  (row [?hitClass <https://baseballontology.org/HomeRunProcess>])
                )
                (quadpattern
                  (quad ?graph ?game <http://www.w3.org/1999/02/22-rdf-syntax-ns#type> <https://baseballontology.org/BaseballGame>)
                  (quad ?graph ?result <http://www.w3.org/1999/02/22-rdf-syntax-ns#type> <https://baseballontology.org/BaseballInstitutionalProcess>)
                  (quad ?graph ?result <http://www.w3.org/1999/02/22-rdf-syntax-ns#type> ?hitClass)
                  (quad ?graph ?result <http://purl.obolibrary.org/obo/BFO_0000132> ?plateAppearance)
                  (quad ?graph ?result <http://purl.obolibrary.org/obo/BFO_0000117> ?hitJudgment)
                  (quad ?graph ?hitJudgment <http://www.w3.org/1999/02/22-rdf-syntax-ns#type> <https://baseballontology.org/HitJudgmentAct>)
                  (quad ?graph ?plateAppearance <http://www.w3.org/1999/02/22-rdf-syntax-ns#type> <https://baseballontology.org/PlateAppearance>)
                  (quad ?graph ?plateAppearance <http://purl.obolibrary.org/obo/BFO_0000132> ??P1)
                  (quad ?graph ??P1 <http://purl.obolibrary.org/obo/BFO_0000132> ??P0)
                  (quad ?graph ??P0 <http://purl.obolibrary.org/obo/BFO_0000132> ?game)
                  (quad ?graph ?batterAct <http://www.w3.org/1999/02/22-rdf-syntax-ns#type> <https://baseballontology.org/BatterAct>)
                  (quad ?graph ?batterAct <http://purl.obolibrary.org/obo/BFO_0000132> ?plateAppearance)
                  (quad ?graph ?batterAct <http://purl.obolibrary.org/obo/BFO_0000057> ?player)
                  (quad ?graph ?player <http://www.w3.org/2000/01/rdf-schema#label> ?playerLabel)
                ))))))))
INFO  exec            :: Execute
  ?game rdf:type <https://baseballontology.org/BaseballGame>
  ??P0 <http://purl.obolibrary.org/obo/BFO_0000132> ?game
  ??P1 <http://purl.obolibrary.org/obo/BFO_0000132> ??P0
  ?plateAppearance <http://purl.obolibrary.org/obo/BFO_0000132> ??P1
  ?plateAppearance rdf:type <https://baseballontology.org/PlateAppearance>
  ?result <http://purl.obolibrary.org/obo/BFO_0000132> ?plateAppearance
  ?result rdf:type <https://baseballontology.org/BaseballInstitutionalProcess>
  ?result rdf:type ?hitClass
  ?result <http://purl.obolibrary.org/obo/BFO_0000117> ?hitJudgment
  ?hitJudgment rdf:type <https://baseballontology.org/HitJudgmentAct>
  ?batterAct <http://purl.obolibrary.org/obo/BFO_0000132> ?plateAppearance
  ?batterAct rdf:type <https://baseballontology.org/BatterAct>
  ?batterAct <http://purl.obolibrary.org/obo/BFO_0000057> ?player
  ?player rdfs:label ?playerLabel
