INFO  exec            :: QUERY
  PREFIX  idx:  <https://w3id.org/baseball/query-index/>

  SELECT  ?season ?eventType (COUNT(DISTINCT ?result) AS ?plateAppearances)
  WHERE
    { VALUES ?graph { <https://w3id.org/baseball/graph/query-index/game/822867> <https://w3id.org/baseball/graph/query-index/game/823431> <https://w3id.org/baseball/graph/query-index/game/823520> <https://w3id.org/baseball/graph/query-index/game/823757> <https://w3id.org/baseball/graph/query-index/game/824160> <https://w3id.org/baseball/graph/query-index/game/824324> <https://w3id.org/baseball/graph/query-index/game/824647> <https://w3id.org/baseball/graph/query-index/game/825095> }
      GRAPH ?graph
        { ?result  a                    idx:PlateAppearanceResultFact ;
                   idx:game             ?game ;
                   idx:sourceEventType  ?eventType .
          ?game    a                    idx:GameFact ;
                   idx:season           ?season
        }
    }
  GROUP BY ?season ?eventType
  ORDER BY ?season DESC(?plateAppearances) ?eventType
INFO  exec            :: ALGEBRA
  (project (?season ?eventType ?plateAppearances)
    (order (?season (desc ?plateAppearances) ?eventType)
      (extend ((?plateAppearances ?.0))
        (group (?season ?eventType) ((?.0 (count distinct ?result)))
          (sequence
            (table (vars ?graph)
              (row [?graph <https://w3id.org/baseball/graph/query-index/game/822867>])
              (row [?graph <https://w3id.org/baseball/graph/query-index/game/823431>])
              (row [?graph <https://w3id.org/baseball/graph/query-index/game/823520>])
              (row [?graph <https://w3id.org/baseball/graph/query-index/game/823757>])
              (row [?graph <https://w3id.org/baseball/graph/query-index/game/824160>])
              (row [?graph <https://w3id.org/baseball/graph/query-index/game/824324>])
              (row [?graph <https://w3id.org/baseball/graph/query-index/game/824647>])
              (row [?graph <https://w3id.org/baseball/graph/query-index/game/825095>])
            )
            (quadpattern
              (quad ?graph ?result <http://www.w3.org/1999/02/22-rdf-syntax-ns#type> <https://w3id.org/baseball/query-index/PlateAppearanceResultFact>)
              (quad ?graph ?result <https://w3id.org/baseball/query-index/game> ?game)
              (quad ?graph ?result <https://w3id.org/baseball/query-index/sourceEventType> ?eventType)
              (quad ?graph ?game <http://www.w3.org/1999/02/22-rdf-syntax-ns#type> <https://w3id.org/baseball/query-index/GameFact>)
              (quad ?graph ?game <https://w3id.org/baseball/query-index/season> ?season)
            ))))))
INFO  exec            :: TDB2
  (project (?season ?eventType ?plateAppearances)
    (order (?season (desc ?plateAppearances) ?eventType)
      (extend ((?plateAppearances ?.0))
        (group (?season ?eventType) ((?.0 (count distinct ?result)))
          (sequence
            (table (vars ?graph)
              (row [?graph <https://w3id.org/baseball/graph/query-index/game/822867>])
              (row [?graph <https://w3id.org/baseball/graph/query-index/game/823431>])
              (row [?graph <https://w3id.org/baseball/graph/query-index/game/823520>])
              (row [?graph <https://w3id.org/baseball/graph/query-index/game/823757>])
              (row [?graph <https://w3id.org/baseball/graph/query-index/game/824160>])
              (row [?graph <https://w3id.org/baseball/graph/query-index/game/824324>])
              (row [?graph <https://w3id.org/baseball/graph/query-index/game/824647>])
              (row [?graph <https://w3id.org/baseball/graph/query-index/game/825095>])
            )
            (quadpattern
              (quad ?graph ?result <http://www.w3.org/1999/02/22-rdf-syntax-ns#type> <https://w3id.org/baseball/query-index/PlateAppearanceResultFact>)
              (quad ?graph ?result <https://w3id.org/baseball/query-index/game> ?game)
              (quad ?graph ?result <https://w3id.org/baseball/query-index/sourceEventType> ?eventType)
              (quad ?graph ?game <http://www.w3.org/1999/02/22-rdf-syntax-ns#type> <https://w3id.org/baseball/query-index/GameFact>)
              (quad ?graph ?game <https://w3id.org/baseball/query-index/season> ?season)
            ))))))
INFO  exec            :: Execute
  ?result rdf:type <https://w3id.org/baseball/query-index/PlateAppearanceResultFact>
  ?result <https://w3id.org/baseball/query-index/game> ?game
  ?game rdf:type <https://w3id.org/baseball/query-index/GameFact>
  ?result <https://w3id.org/baseball/query-index/sourceEventType> ?eventType
  ?game <https://w3id.org/baseball/query-index/season> ?season
