INFO  exec            :: QUERY
  PREFIX  rdfs: <http://www.w3.org/2000/01/rdf-schema#>
  PREFIX  obo:  <http://purl.obolibrary.org/obo/>
  PREFIX  cco:  <https://www.commoncoreontologies.org/>
  PREFIX  base: <https://baseballontology.org/>

  SELECT  ?venue ?venueLabel ?pitcher ?pitcherLabel (COUNT(DISTINCT ?pitch) AS ?pitches)
  WHERE
    { VALUES ?graph { <https://w3id.org/baseball/graph/game/822867> <https://w3id.org/baseball/graph/game/823431> <https://w3id.org/baseball/graph/game/823520> <https://w3id.org/baseball/graph/game/823757> <https://w3id.org/baseball/graph/game/824160> <https://w3id.org/baseball/graph/game/824324> <https://w3id.org/baseball/graph/game/824647> <https://w3id.org/baseball/graph/game/825095> }
      GRAPH ?graph
        { ?pitch    a                base:PitchAct ;
                    obo:BFO_0000057  ?pitcher ;
                    obo:BFO_0000063  ?pitchMotion ;
                    cco:ont00001918  ?field .
          ?pitchMotion  a            base:PitchBallMotionProcess .
          ?pitcher  rdfs:label       ?pitcherLabel .
          ?field    a                base:BaseballFieldSite ;
                    obo:BFO_0000171  ?venue .
          ?venue    a                base:BaseballVenue ;
                    rdfs:label       ?venueLabel
        }
    }
  GROUP BY ?venue ?venueLabel ?pitcher ?pitcherLabel
  ORDER BY lcase(str(?venueLabel)) DESC(?pitches) lcase(str(?pitcherLabel))
INFO  exec            :: ALGEBRA
  (project (?venue ?venueLabel ?pitcher ?pitcherLabel ?pitches)
    (order ((lcase (str ?venueLabel)) (desc ?pitches) (lcase (str ?pitcherLabel)))
      (extend ((?pitches ?.0))
        (group (?venue ?venueLabel ?pitcher ?pitcherLabel) ((?.0 (count distinct ?pitch)))
          (sequence
            (table (vars ?graph)
              (row [?graph <https://w3id.org/baseball/graph/game/822867>])
              (row [?graph <https://w3id.org/baseball/graph/game/823431>])
              (row [?graph <https://w3id.org/baseball/graph/game/823520>])
              (row [?graph <https://w3id.org/baseball/graph/game/823757>])
              (row [?graph <https://w3id.org/baseball/graph/game/824160>])
              (row [?graph <https://w3id.org/baseball/graph/game/824324>])
              (row [?graph <https://w3id.org/baseball/graph/game/824647>])
              (row [?graph <https://w3id.org/baseball/graph/game/825095>])
            )
            (quadpattern
              (quad ?graph ?pitch <http://www.w3.org/1999/02/22-rdf-syntax-ns#type> <https://baseballontology.org/PitchAct>)
              (quad ?graph ?pitch <http://purl.obolibrary.org/obo/BFO_0000057> ?pitcher)
              (quad ?graph ?pitch <http://purl.obolibrary.org/obo/BFO_0000063> ?pitchMotion)
              (quad ?graph ?pitch <https://www.commoncoreontologies.org/ont00001918> ?field)
              (quad ?graph ?pitchMotion <http://www.w3.org/1999/02/22-rdf-syntax-ns#type> <https://baseballontology.org/PitchBallMotionProcess>)
              (quad ?graph ?pitcher <http://www.w3.org/2000/01/rdf-schema#label> ?pitcherLabel)
              (quad ?graph ?field <http://www.w3.org/1999/02/22-rdf-syntax-ns#type> <https://baseballontology.org/BaseballFieldSite>)
              (quad ?graph ?field <http://purl.obolibrary.org/obo/BFO_0000171> ?venue)
              (quad ?graph ?venue <http://www.w3.org/1999/02/22-rdf-syntax-ns#type> <https://baseballontology.org/BaseballVenue>)
              (quad ?graph ?venue <http://www.w3.org/2000/01/rdf-schema#label> ?venueLabel)
            ))))))
INFO  exec            :: TDB2
  (project (?venue ?venueLabel ?pitcher ?pitcherLabel ?pitches)
    (order ((lcase (str ?venueLabel)) (desc ?pitches) (lcase (str ?pitcherLabel)))
      (extend ((?pitches ?.0))
        (group (?venue ?venueLabel ?pitcher ?pitcherLabel) ((?.0 (count distinct ?pitch)))
          (sequence
            (table (vars ?graph)
              (row [?graph <https://w3id.org/baseball/graph/game/822867>])
              (row [?graph <https://w3id.org/baseball/graph/game/823431>])
              (row [?graph <https://w3id.org/baseball/graph/game/823520>])
              (row [?graph <https://w3id.org/baseball/graph/game/823757>])
              (row [?graph <https://w3id.org/baseball/graph/game/824160>])
              (row [?graph <https://w3id.org/baseball/graph/game/824324>])
              (row [?graph <https://w3id.org/baseball/graph/game/824647>])
              (row [?graph <https://w3id.org/baseball/graph/game/825095>])
            )
            (quadpattern
              (quad ?graph ?pitch <http://www.w3.org/1999/02/22-rdf-syntax-ns#type> <https://baseballontology.org/PitchAct>)
              (quad ?graph ?pitch <http://purl.obolibrary.org/obo/BFO_0000057> ?pitcher)
              (quad ?graph ?pitch <http://purl.obolibrary.org/obo/BFO_0000063> ?pitchMotion)
              (quad ?graph ?pitch <https://www.commoncoreontologies.org/ont00001918> ?field)
              (quad ?graph ?pitchMotion <http://www.w3.org/1999/02/22-rdf-syntax-ns#type> <https://baseballontology.org/PitchBallMotionProcess>)
              (quad ?graph ?pitcher <http://www.w3.org/2000/01/rdf-schema#label> ?pitcherLabel)
              (quad ?graph ?field <http://www.w3.org/1999/02/22-rdf-syntax-ns#type> <https://baseballontology.org/BaseballFieldSite>)
              (quad ?graph ?field <http://purl.obolibrary.org/obo/BFO_0000171> ?venue)
              (quad ?graph ?venue <http://www.w3.org/1999/02/22-rdf-syntax-ns#type> <https://baseballontology.org/BaseballVenue>)
              (quad ?graph ?venue <http://www.w3.org/2000/01/rdf-schema#label> ?venueLabel)
            ))))))
INFO  exec            :: Execute
  ?pitch rdf:type <https://baseballontology.org/PitchAct>
  ?pitch <http://purl.obolibrary.org/obo/BFO_0000057> ?pitcher
  ?pitch <http://purl.obolibrary.org/obo/BFO_0000063> ?pitchMotion
  ?pitchMotion rdf:type <https://baseballontology.org/PitchBallMotionProcess>
  ?pitch <https://www.commoncoreontologies.org/ont00001918> ?field
  ?field rdf:type <https://baseballontology.org/BaseballFieldSite>
  ?pitcher rdfs:label ?pitcherLabel
  ?field <http://purl.obolibrary.org/obo/BFO_0000171> ?venue
  ?venue rdf:type <https://baseballontology.org/BaseballVenue>
  ?venue rdfs:label ?venueLabel
