INFO  exec            :: QUERY
  PREFIX  idx:  <https://w3id.org/baseball/query-index/>
  PREFIX  rdfs: <http://www.w3.org/2000/01/rdf-schema#>

  SELECT  ?season ?player ?playerLabel (COUNT(DISTINCT ?plateAppearance) AS ?plateAppearances) (COUNT(DISTINCT ?game) AS ?games)
  WHERE
    { VALUES ?graph { <https://w3id.org/baseball/graph/query-index/game/822867> <https://w3id.org/baseball/graph/query-index/game/823431> <https://w3id.org/baseball/graph/query-index/game/823520> <https://w3id.org/baseball/graph/query-index/game/823757> <https://w3id.org/baseball/graph/query-index/game/824160> <https://w3id.org/baseball/graph/query-index/game/824324> <https://w3id.org/baseball/graph/query-index/game/824647> <https://w3id.org/baseball/graph/query-index/game/825095> }
      GRAPH ?graph
        { ?plateAppearance
                    a           idx:PlateAppearanceFact ;
                    idx:agent   ?player ;
                    idx:game    ?game .
          ?game     a           idx:GameFact ;
                    idx:season  ?season .
          ?player   rdfs:label  ?playerLabel
        }
    }
  GROUP BY ?season ?player ?playerLabel
  ORDER BY ?season DESC(?plateAppearances) lcase(str(?playerLabel))
INFO  exec            :: ALGEBRA
  (project (?season ?player ?playerLabel ?plateAppearances ?games)
    (order (?season (desc ?plateAppearances) (lcase (str ?playerLabel)))
      (extend ((?plateAppearances ?.0) (?games ?.1))
        (group (?season ?player ?playerLabel) ((?.0 (count distinct ?plateAppearance)) (?.1 (count distinct ?game)))
          (sequence
            (table (vars ?graph)
              (row [?graph <https://w3id.org/baseball/graph/query-index/game/822867>])
              (row [?graph <https://w3id.org/baseball/graph/query-index/game/823431>])
              (row [?graph <https://w3id.org/baseball/graph/query-index/game/823520>])
              (row [?graph <https://w3id.org/baseball/graph/query-index/game/823757>])
              (row [?graph <https://w3id.org/baseball/graph/query-index/game/824160>])
              (row [?graph <https://w3id.org/baseball/graph/query-index/game/824324>])
              (row [?graph <https://w3id.org/baseball/graph/query-index/game/824647>])
              (row [?graph <https://w3id.org/baseball/graph/query-index/game/825095>])
            )
            (quadpattern
              (quad ?graph ?plateAppearance <http://www.w3.org/1999/02/22-rdf-syntax-ns#type> <https://w3id.org/baseball/query-index/PlateAppearanceFact>)
              (quad ?graph ?plateAppearance <https://w3id.org/baseball/query-index/agent> ?player)
              (quad ?graph ?plateAppearance <https://w3id.org/baseball/query-index/game> ?game)
              (quad ?graph ?game <http://www.w3.org/1999/02/22-rdf-syntax-ns#type> <https://w3id.org/baseball/query-index/GameFact>)
              (quad ?graph ?game <https://w3id.org/baseball/query-index/season> ?season)
              (quad ?graph ?player <http://www.w3.org/2000/01/rdf-schema#label> ?playerLabel)
            ))))))
INFO  exec            :: TDB2
  (project (?season ?player ?playerLabel ?plateAppearances ?games)
    (order (?season (desc ?plateAppearances) (lcase (str ?playerLabel)))
      (extend ((?plateAppearances ?.0) (?games ?.1))
        (group (?season ?player ?playerLabel) ((?.0 (count distinct ?plateAppearance)) (?.1 (count distinct ?game)))
          (sequence
            (table (vars ?graph)
              (row [?graph <https://w3id.org/baseball/graph/query-index/game/822867>])
              (row [?graph <https://w3id.org/baseball/graph/query-index/game/823431>])
              (row [?graph <https://w3id.org/baseball/graph/query-index/game/823520>])
              (row [?graph <https://w3id.org/baseball/graph/query-index/game/823757>])
              (row [?graph <https://w3id.org/baseball/graph/query-index/game/824160>])
              (row [?graph <https://w3id.org/baseball/graph/query-index/game/824324>])
              (row [?graph <https://w3id.org/baseball/graph/query-index/game/824647>])
              (row [?graph <https://w3id.org/baseball/graph/query-index/game/825095>])
            )
            (quadpattern
              (quad ?graph ?plateAppearance <http://www.w3.org/1999/02/22-rdf-syntax-ns#type> <https://w3id.org/baseball/query-index/PlateAppearanceFact>)
              (quad ?graph ?plateAppearance <https://w3id.org/baseball/query-index/agent> ?player)
              (quad ?graph ?plateAppearance <https://w3id.org/baseball/query-index/game> ?game)
              (quad ?graph ?game <http://www.w3.org/1999/02/22-rdf-syntax-ns#type> <https://w3id.org/baseball/query-index/GameFact>)
              (quad ?graph ?game <https://w3id.org/baseball/query-index/season> ?season)
              (quad ?graph ?player <http://www.w3.org/2000/01/rdf-schema#label> ?playerLabel)
            ))))))
INFO  exec            :: Execute
  ?plateAppearance rdf:type <https://w3id.org/baseball/query-index/PlateAppearanceFact>
  ?plateAppearance <https://w3id.org/baseball/query-index/agent> ?player
  ?plateAppearance <https://w3id.org/baseball/query-index/game> ?game
  ?game rdf:type <https://w3id.org/baseball/query-index/GameFact>
  ?game <https://w3id.org/baseball/query-index/season> ?season
  ?player rdfs:label ?playerLabel
