INFO  exec            :: QUERY
  PREFIX  rdfs: <http://www.w3.org/2000/01/rdf-schema#>
  PREFIX  obo:  <http://purl.obolibrary.org/obo/>
  PREFIX  cco:  <https://www.commoncoreontologies.org/>
  PREFIX  base: <https://baseballontology.org/>

  SELECT  ?player ?playerLabel (SUM(if(( ?outcomeClass = base:HomeRunProcess ), 1, 0)) AS ?homeRuns) (SUM(if(( ?outcomeClass = base:WalkProcess ), 1, 0)) AS ?walks) (SUM(if(( ?outcomeClass = base:StrikeoutProcess ), 1, 0)) AS ?strikeouts) (COUNT(DISTINCT ?result) AS ?threeTrueOutcomes)
  WHERE
    { VALUES ?graph { <https://w3id.org/baseball/graph/game/822867> <https://w3id.org/baseball/graph/game/823431> <https://w3id.org/baseball/graph/game/823520> <https://w3id.org/baseball/graph/game/823757> <https://w3id.org/baseball/graph/game/824160> <https://w3id.org/baseball/graph/game/824324> <https://w3id.org/baseball/graph/game/824647> <https://w3id.org/baseball/graph/game/825095> }
      GRAPH ?graph
        { ?result   a                base:BaseballInstitutionalProcess ;
                    a                ?outcomeClass ;
                    obo:BFO_0000132  ?plateAppearance ;
                    obo:BFO_0000117  ?adjudication .
          ?adjudication
                    a                base:BaseballAdjudicationAct .
          ?batterAct  a              base:BatterAct ;
                    obo:BFO_0000132  ?plateAppearance ;
                    obo:BFO_0000057  ?player .
          ?player   rdfs:label       ?playerLabel
          VALUES ?outcomeClass { base:HomeRunProcess base:WalkProcess base:StrikeoutProcess }
        }
    }
  GROUP BY ?player ?playerLabel
  ORDER BY DESC(?threeTrueOutcomes) lcase(str(?playerLabel))
INFO  exec            :: ALGEBRA
  (project (?player ?playerLabel ?homeRuns ?walks ?strikeouts ?threeTrueOutcomes)
    (order ((desc ?threeTrueOutcomes) (lcase (str ?playerLabel)))
      (extend ((?homeRuns ?.0) (?walks ?.1) (?strikeouts ?.2) (?threeTrueOutcomes ?.3))
        (group (?player ?playerLabel) ((?.0 (sum (if (= ?outcomeClass <https://baseballontology.org/HomeRunProcess>) 1 0))) (?.1 (sum (if (= ?outcomeClass <https://baseballontology.org/WalkProcess>) 1 0))) (?.2 (sum (if (= ?outcomeClass <https://baseballontology.org/StrikeoutProcess>) 1 0))) (?.3 (count distinct ?result)))
          (sequence
            (table (vars ?graph)
              (row [?graph <https://w3id.org/baseball/graph/game/822867>])
              (row [?graph <https://w3id.org/baseball/graph/game/823431>])
              (row [?graph <https://w3id.org/baseball/graph/game/823520>])
              (row [?graph <https://w3id.org/baseball/graph/game/823757>])
              (row [?graph <https://w3id.org/baseball/graph/game/824160>])
              (row [?graph <https://w3id.org/baseball/graph/game/824324>])
              (row [?graph <https://w3id.org/baseball/graph/game/824647>])
              (row [?graph <https://w3id.org/baseball/graph/game/825095>])
            )
            (sequence
              (table (vars ?outcomeClass)
                (row [?outcomeClass <https://baseballontology.org/HomeRunProcess>])
                (row [?outcomeClass <https://baseballontology.org/WalkProcess>])
                (row [?outcomeClass <https://baseballontology.org/StrikeoutProcess>])
              )
              (quadpattern
                (quad ?graph ?result <http://www.w3.org/1999/02/22-rdf-syntax-ns#type> <https://baseballontology.org/BaseballInstitutionalProcess>)
                (quad ?graph ?result <http://www.w3.org/1999/02/22-rdf-syntax-ns#type> ?outcomeClass)
                (quad ?graph ?result <http://purl.obolibrary.org/obo/BFO_0000132> ?plateAppearance)
                (quad ?graph ?result <http://purl.obolibrary.org/obo/BFO_0000117> ?adjudication)
                (quad ?graph ?adjudication <http://www.w3.org/1999/02/22-rdf-syntax-ns#type> <https://baseballontology.org/BaseballAdjudicationAct>)
                (quad ?graph ?batterAct <http://www.w3.org/1999/02/22-rdf-syntax-ns#type> <https://baseballontology.org/BatterAct>)
                (quad ?graph ?batterAct <http://purl.obolibrary.org/obo/BFO_0000132> ?plateAppearance)
                (quad ?graph ?batterAct <http://purl.obolibrary.org/obo/BFO_0000057> ?player)
                (quad ?graph ?player <http://www.w3.org/2000/01/rdf-schema#label> ?playerLabel)
              )))))))
INFO  exec            :: TDB2
  (project (?player ?playerLabel ?homeRuns ?walks ?strikeouts ?threeTrueOutcomes)
    (order ((desc ?threeTrueOutcomes) (lcase (str ?playerLabel)))
      (extend ((?homeRuns ?.0) (?walks ?.1) (?strikeouts ?.2) (?threeTrueOutcomes ?.3))
        (group (?player ?playerLabel) ((?.0 (sum (if (= ?outcomeClass <https://baseballontology.org/HomeRunProcess>) 1 0))) (?.1 (sum (if (= ?outcomeClass <https://baseballontology.org/WalkProcess>) 1 0))) (?.2 (sum (if (= ?outcomeClass <https://baseballontology.org/StrikeoutProcess>) 1 0))) (?.3 (count distinct ?result)))
          (sequence
            (table (vars ?graph)
              (row [?graph <https://w3id.org/baseball/graph/game/822867>])
              (row [?graph <https://w3id.org/baseball/graph/game/823431>])
              (row [?graph <https://w3id.org/baseball/graph/game/823520>])
              (row [?graph <https://w3id.org/baseball/graph/game/823757>])
              (row [?graph <https://w3id.org/baseball/graph/game/824160>])
              (row [?graph <https://w3id.org/baseball/graph/game/824324>])
              (row [?graph <https://w3id.org/baseball/graph/game/824647>])
              (row [?graph <https://w3id.org/baseball/graph/game/825095>])
            )
            (sequence
              (table (vars ?outcomeClass)
                (row [?outcomeClass <https://baseballontology.org/HomeRunProcess>])
                (row [?outcomeClass <https://baseballontology.org/WalkProcess>])
                (row [?outcomeClass <https://baseballontology.org/StrikeoutProcess>])
              )
              (quadpattern
                (quad ?graph ?result <http://www.w3.org/1999/02/22-rdf-syntax-ns#type> <https://baseballontology.org/BaseballInstitutionalProcess>)
                (quad ?graph ?result <http://www.w3.org/1999/02/22-rdf-syntax-ns#type> ?outcomeClass)
                (quad ?graph ?result <http://purl.obolibrary.org/obo/BFO_0000132> ?plateAppearance)
                (quad ?graph ?result <http://purl.obolibrary.org/obo/BFO_0000117> ?adjudication)
                (quad ?graph ?adjudication <http://www.w3.org/1999/02/22-rdf-syntax-ns#type> <https://baseballontology.org/BaseballAdjudicationAct>)
                (quad ?graph ?batterAct <http://www.w3.org/1999/02/22-rdf-syntax-ns#type> <https://baseballontology.org/BatterAct>)
                (quad ?graph ?batterAct <http://purl.obolibrary.org/obo/BFO_0000132> ?plateAppearance)
                (quad ?graph ?batterAct <http://purl.obolibrary.org/obo/BFO_0000057> ?player)
                (quad ?graph ?player <http://www.w3.org/2000/01/rdf-schema#label> ?playerLabel)
              )))))))
INFO  exec            :: Execute
  ?result rdf:type <https://baseballontology.org/BaseballInstitutionalProcess>
  ?result rdf:type ?outcomeClass
  ?result <http://purl.obolibrary.org/obo/BFO_0000132> ?plateAppearance
  ?result <http://purl.obolibrary.org/obo/BFO_0000117> ?adjudication
  ?adjudication rdf:type <https://baseballontology.org/BaseballAdjudicationAct>
  ?batterAct <http://purl.obolibrary.org/obo/BFO_0000132> ?plateAppearance
  ?batterAct rdf:type <https://baseballontology.org/BatterAct>
  ?batterAct <http://purl.obolibrary.org/obo/BFO_0000057> ?player
  ?player rdfs:label ?playerLabel
