INFO  exec            :: QUERY
  PREFIX  rdfs: <http://www.w3.org/2000/01/rdf-schema#>
  PREFIX  obo:  <http://purl.obolibrary.org/obo/>
  PREFIX  cco:  <https://www.commoncoreontologies.org/>
  PREFIX  base: <https://baseballontology.org/>

  SELECT  ?season ?player ?playerLabel (SUM(?bases) AS ?totalBases)
  WHERE
    { VALUES ?graph { <https://w3id.org/baseball/graph/game/822867> <https://w3id.org/baseball/graph/game/823431> <https://w3id.org/baseball/graph/game/823520> <https://w3id.org/baseball/graph/game/823757> <https://w3id.org/baseball/graph/game/824160> <https://w3id.org/baseball/graph/game/824324> <https://w3id.org/baseball/graph/game/824647> <https://w3id.org/baseball/graph/game/825095> }
      GRAPH ?graph
        { ?game  a  base:BaseballGame .
          ?game obo:BFO_0000199/obo:BFO_0000222 ?startInstant .
          ?timestamp  a              base:BaseballTimestampICE ;
                    cco:ont00001916  ?startInstant ;
                    cco:ont00001767  ?gameStart .
          ?result   a                base:BaseballInstitutionalProcess ;
                    a                ?hitClass ;
                    obo:BFO_0000132  ?plateAppearance ;
                    obo:BFO_0000117  ?hitJudgment .
          ?hitJudgment  a            base:HitJudgmentAct .
          ?plateAppearance
                    a                base:PlateAppearance .
          ?plateAppearance (obo:BFO_0000132/obo:BFO_0000132)/obo:BFO_0000132 ?game .
          ?batterAct  a              base:BatterAct ;
                    obo:BFO_0000132  ?plateAppearance ;
                    obo:BFO_0000057  ?player .
          ?player   rdfs:label       ?playerLabel
          VALUES ( ?hitClass ?bases ) {
            ( base:SingleProcess 1 )
            ( base:DoubleProcess 2 )
            ( base:TripleProcess 3 )
            ( base:HomeRunProcess 4 )
          }
          BIND(year(?gameStart) AS ?season)
        }
    }
  GROUP BY ?season ?player ?playerLabel
  ORDER BY ?season DESC(?totalBases) lcase(str(?playerLabel))
INFO  exec            :: ALGEBRA
  (project (?season ?player ?playerLabel ?totalBases)
    (order (?season (desc ?totalBases) (lcase (str ?playerLabel)))
      (extend ((?totalBases ?.0))
        (group (?season ?player ?playerLabel) ((?.0 (sum ?bases)))
          (join
            (table (vars ?graph)
              (row [?graph <https://w3id.org/baseball/graph/game/822867>])
              (row [?graph <https://w3id.org/baseball/graph/game/823431>])
              (row [?graph <https://w3id.org/baseball/graph/game/823520>])
              (row [?graph <https://w3id.org/baseball/graph/game/823757>])
              (row [?graph <https://w3id.org/baseball/graph/game/824160>])
              (row [?graph <https://w3id.org/baseball/graph/game/824324>])
              (row [?graph <https://w3id.org/baseball/graph/game/824647>])
              (row [?graph <https://w3id.org/baseball/graph/game/825095>])
            )
            (extend ((?season (year ?gameStart)))
              (sequence
                (table (vars ?hitClass ?bases)
                  (row [?hitClass <https://baseballontology.org/SingleProcess>] [?bases 1])
                  (row [?hitClass <https://baseballontology.org/DoubleProcess>] [?bases 2])
                  (row [?hitClass <https://baseballontology.org/TripleProcess>] [?bases 3])
                  (row [?hitClass <https://baseballontology.org/HomeRunProcess>] [?bases 4])
                )
                (quadpattern
                  (quad ?graph ?game <http://www.w3.org/1999/02/22-rdf-syntax-ns#type> <https://baseballontology.org/BaseballGame>)
                  (quad ?graph ?game <http://purl.obolibrary.org/obo/BFO_0000199> ??P0)
                  (quad ?graph ??P0 <http://purl.obolibrary.org/obo/BFO_0000222> ?startInstant)
                  (quad ?graph ?timestamp <http://www.w3.org/1999/02/22-rdf-syntax-ns#type> <https://baseballontology.org/BaseballTimestampICE>)
                  (quad ?graph ?timestamp <https://www.commoncoreontologies.org/ont00001916> ?startInstant)
                  (quad ?graph ?timestamp <https://www.commoncoreontologies.org/ont00001767> ?gameStart)
                  (quad ?graph ?result <http://www.w3.org/1999/02/22-rdf-syntax-ns#type> <https://baseballontology.org/BaseballInstitutionalProcess>)
                  (quad ?graph ?result <http://www.w3.org/1999/02/22-rdf-syntax-ns#type> ?hitClass)
                  (quad ?graph ?result <http://purl.obolibrary.org/obo/BFO_0000132> ?plateAppearance)
                  (quad ?graph ?result <http://purl.obolibrary.org/obo/BFO_0000117> ?hitJudgment)
                  (quad ?graph ?hitJudgment <http://www.w3.org/1999/02/22-rdf-syntax-ns#type> <https://baseballontology.org/HitJudgmentAct>)
                  (quad ?graph ?plateAppearance <http://www.w3.org/1999/02/22-rdf-syntax-ns#type> <https://baseballontology.org/PlateAppearance>)
                  (quad ?graph ?plateAppearance <http://purl.obolibrary.org/obo/BFO_0000132> ??P2)
                  (quad ?graph ??P2 <http://purl.obolibrary.org/obo/BFO_0000132> ??P1)
                  (quad ?graph ??P1 <http://purl.obolibrary.org/obo/BFO_0000132> ?game)
                  (quad ?graph ?batterAct <http://www.w3.org/1999/02/22-rdf-syntax-ns#type> <https://baseballontology.org/BatterAct>)
                  (quad ?graph ?batterAct <http://purl.obolibrary.org/obo/BFO_0000132> ?plateAppearance)
                  (quad ?graph ?batterAct <http://purl.obolibrary.org/obo/BFO_0000057> ?player)
                  (quad ?graph ?player <http://www.w3.org/2000/01/rdf-schema#label> ?playerLabel)
                ))))))))
INFO  exec            :: TDB2
  (project (?season ?player ?playerLabel ?totalBases)
    (order (?season (desc ?totalBases) (lcase (str ?playerLabel)))
      (extend ((?totalBases ?.0))
        (group (?season ?player ?playerLabel) ((?.0 (sum ?bases)))
          (join
            (table (vars ?graph)
              (row [?graph <https://w3id.org/baseball/graph/game/822867>])
              (row [?graph <https://w3id.org/baseball/graph/game/823431>])
              (row [?graph <https://w3id.org/baseball/graph/game/823520>])
              (row [?graph <https://w3id.org/baseball/graph/game/823757>])
              (row [?graph <https://w3id.org/baseball/graph/game/824160>])
              (row [?graph <https://w3id.org/baseball/graph/game/824324>])
              (row [?graph <https://w3id.org/baseball/graph/game/824647>])
              (row [?graph <https://w3id.org/baseball/graph/game/825095>])
            )
            (extend ((?season (year ?gameStart)))
              (sequence
                (table (vars ?hitClass ?bases)
                  (row [?hitClass <https://baseballontology.org/SingleProcess>] [?bases 1])
                  (row [?hitClass <https://baseballontology.org/DoubleProcess>] [?bases 2])
                  (row [?hitClass <https://baseballontology.org/TripleProcess>] [?bases 3])
                  (row [?hitClass <https://baseballontology.org/HomeRunProcess>] [?bases 4])
                )
                (quadpattern
                  (quad ?graph ?game <http://www.w3.org/1999/02/22-rdf-syntax-ns#type> <https://baseballontology.org/BaseballGame>)
                  (quad ?graph ?game <http://purl.obolibrary.org/obo/BFO_0000199> ??P0)
                  (quad ?graph ??P0 <http://purl.obolibrary.org/obo/BFO_0000222> ?startInstant)
                  (quad ?graph ?timestamp <http://www.w3.org/1999/02/22-rdf-syntax-ns#type> <https://baseballontology.org/BaseballTimestampICE>)
                  (quad ?graph ?timestamp <https://www.commoncoreontologies.org/ont00001916> ?startInstant)
                  (quad ?graph ?timestamp <https://www.commoncoreontologies.org/ont00001767> ?gameStart)
                  (quad ?graph ?result <http://www.w3.org/1999/02/22-rdf-syntax-ns#type> <https://baseballontology.org/BaseballInstitutionalProcess>)
                  (quad ?graph ?result <http://www.w3.org/1999/02/22-rdf-syntax-ns#type> ?hitClass)
                  (quad ?graph ?result <http://purl.obolibrary.org/obo/BFO_0000132> ?plateAppearance)
                  (quad ?graph ?result <http://purl.obolibrary.org/obo/BFO_0000117> ?hitJudgment)
                  (quad ?graph ?hitJudgment <http://www.w3.org/1999/02/22-rdf-syntax-ns#type> <https://baseballontology.org/HitJudgmentAct>)
                  (quad ?graph ?plateAppearance <http://www.w3.org/1999/02/22-rdf-syntax-ns#type> <https://baseballontology.org/PlateAppearance>)
                  (quad ?graph ?plateAppearance <http://purl.obolibrary.org/obo/BFO_0000132> ??P2)
                  (quad ?graph ??P2 <http://purl.obolibrary.org/obo/BFO_0000132> ??P1)
                  (quad ?graph ??P1 <http://purl.obolibrary.org/obo/BFO_0000132> ?game)
                  (quad ?graph ?batterAct <http://www.w3.org/1999/02/22-rdf-syntax-ns#type> <https://baseballontology.org/BatterAct>)
                  (quad ?graph ?batterAct <http://purl.obolibrary.org/obo/BFO_0000132> ?plateAppearance)
                  (quad ?graph ?batterAct <http://purl.obolibrary.org/obo/BFO_0000057> ?player)
                  (quad ?graph ?player <http://www.w3.org/2000/01/rdf-schema#label> ?playerLabel)
                ))))))))
INFO  exec            :: Execute
  ?game rdf:type <https://baseballontology.org/BaseballGame>
  ?game <http://purl.obolibrary.org/obo/BFO_0000199> ??P0
  ??P0 <http://purl.obolibrary.org/obo/BFO_0000222> ?startInstant
  ?timestamp <https://www.commoncoreontologies.org/ont00001916> ?startInstant
  ?timestamp rdf:type <https://baseballontology.org/BaseballTimestampICE>
  ?timestamp <https://www.commoncoreontologies.org/ont00001767> ?gameStart
  ??P1 <http://purl.obolibrary.org/obo/BFO_0000132> ?game
  ??P2 <http://purl.obolibrary.org/obo/BFO_0000132> ??P1
  ?plateAppearance <http://purl.obolibrary.org/obo/BFO_0000132> ??P2
  ?plateAppearance rdf:type <https://baseballontology.org/PlateAppearance>
  ?result <http://purl.obolibrary.org/obo/BFO_0000132> ?plateAppearance
  ?result rdf:type <https://baseballontology.org/BaseballInstitutionalProcess>
  ?result rdf:type ?hitClass
  ?result <http://purl.obolibrary.org/obo/BFO_0000117> ?hitJudgment
  ?hitJudgment rdf:type <https://baseballontology.org/HitJudgmentAct>
  ?batterAct <http://purl.obolibrary.org/obo/BFO_0000132> ?plateAppearance
  ?batterAct rdf:type <https://baseballontology.org/BatterAct>
  ?batterAct <http://purl.obolibrary.org/obo/BFO_0000057> ?player
  ?player rdfs:label ?playerLabel
