INFO  exec            :: QUERY
  PREFIX  idx:  <https://w3id.org/baseball/query-index/>
  PREFIX  rdfs: <http://www.w3.org/2000/01/rdf-schema#>
  PREFIX  base: <https://baseballontology.org/>

  SELECT  ?season ?player ?playerLabel (SUM(?bases) AS ?totalBases)
  WHERE
    { VALUES ?graph { <https://w3id.org/baseball/graph/query-index/game/822867> <https://w3id.org/baseball/graph/query-index/game/823431> <https://w3id.org/baseball/graph/query-index/game/823520> <https://w3id.org/baseball/graph/query-index/game/823757> <https://w3id.org/baseball/graph/query-index/game/824160> <https://w3id.org/baseball/graph/query-index/game/824324> <https://w3id.org/baseball/graph/query-index/game/824647> <https://w3id.org/baseball/graph/query-index/game/825095> }
      GRAPH ?graph
        { ?result  a            idx:HitFact ;
                   idx:agent    ?player ;
                   idx:game     ?game ;
                   idx:hitType  ?hitClass .
          ?game    a            idx:GameFact ;
                   idx:season   ?season .
          ?player  rdfs:label   ?playerLabel
          VALUES ( ?hitClass ?bases ) {
            ( base:SingleProcess 1 )
            ( base:DoubleProcess 2 )
            ( base:TripleProcess 3 )
            ( base:HomeRunProcess 4 )
          }
        }
    }
  GROUP BY ?season ?player ?playerLabel
  ORDER BY ?season DESC(?totalBases) lcase(str(?playerLabel))
INFO  exec            :: ALGEBRA
  (project (?season ?player ?playerLabel ?totalBases)
    (order (?season (desc ?totalBases) (lcase (str ?playerLabel)))
      (extend ((?totalBases ?.0))
        (group (?season ?player ?playerLabel) ((?.0 (sum ?bases)))
          (sequence
            (table (vars ?graph)
              (row [?graph <https://w3id.org/baseball/graph/query-index/game/822867>])
              (row [?graph <https://w3id.org/baseball/graph/query-index/game/823431>])
              (row [?graph <https://w3id.org/baseball/graph/query-index/game/823520>])
              (row [?graph <https://w3id.org/baseball/graph/query-index/game/823757>])
              (row [?graph <https://w3id.org/baseball/graph/query-index/game/824160>])
              (row [?graph <https://w3id.org/baseball/graph/query-index/game/824324>])
              (row [?graph <https://w3id.org/baseball/graph/query-index/game/824647>])
              (row [?graph <https://w3id.org/baseball/graph/query-index/game/825095>])
            )
            (sequence
              (table (vars ?hitClass ?bases)
                (row [?hitClass <https://baseballontology.org/SingleProcess>] [?bases 1])
                (row [?hitClass <https://baseballontology.org/DoubleProcess>] [?bases 2])
                (row [?hitClass <https://baseballontology.org/TripleProcess>] [?bases 3])
                (row [?hitClass <https://baseballontology.org/HomeRunProcess>] [?bases 4])
              )
              (quadpattern
                (quad ?graph ?result <http://www.w3.org/1999/02/22-rdf-syntax-ns#type> <https://w3id.org/baseball/query-index/HitFact>)
                (quad ?graph ?result <https://w3id.org/baseball/query-index/agent> ?player)
                (quad ?graph ?result <https://w3id.org/baseball/query-index/game> ?game)
                (quad ?graph ?result <https://w3id.org/baseball/query-index/hitType> ?hitClass)
                (quad ?graph ?game <http://www.w3.org/1999/02/22-rdf-syntax-ns#type> <https://w3id.org/baseball/query-index/GameFact>)
                (quad ?graph ?game <https://w3id.org/baseball/query-index/season> ?season)
                (quad ?graph ?player <http://www.w3.org/2000/01/rdf-schema#label> ?playerLabel)
              )))))))
INFO  exec            :: TDB2
  (project (?season ?player ?playerLabel ?totalBases)
    (order (?season (desc ?totalBases) (lcase (str ?playerLabel)))
      (extend ((?totalBases ?.0))
        (group (?season ?player ?playerLabel) ((?.0 (sum ?bases)))
          (sequence
            (table (vars ?graph)
              (row [?graph <https://w3id.org/baseball/graph/query-index/game/822867>])
              (row [?graph <https://w3id.org/baseball/graph/query-index/game/823431>])
              (row [?graph <https://w3id.org/baseball/graph/query-index/game/823520>])
              (row [?graph <https://w3id.org/baseball/graph/query-index/game/823757>])
              (row [?graph <https://w3id.org/baseball/graph/query-index/game/824160>])
              (row [?graph <https://w3id.org/baseball/graph/query-index/game/824324>])
              (row [?graph <https://w3id.org/baseball/graph/query-index/game/824647>])
              (row [?graph <https://w3id.org/baseball/graph/query-index/game/825095>])
            )
            (sequence
              (table (vars ?hitClass ?bases)
                (row [?hitClass <https://baseballontology.org/SingleProcess>] [?bases 1])
                (row [?hitClass <https://baseballontology.org/DoubleProcess>] [?bases 2])
                (row [?hitClass <https://baseballontology.org/TripleProcess>] [?bases 3])
                (row [?hitClass <https://baseballontology.org/HomeRunProcess>] [?bases 4])
              )
              (quadpattern
                (quad ?graph ?result <http://www.w3.org/1999/02/22-rdf-syntax-ns#type> <https://w3id.org/baseball/query-index/HitFact>)
                (quad ?graph ?result <https://w3id.org/baseball/query-index/agent> ?player)
                (quad ?graph ?result <https://w3id.org/baseball/query-index/game> ?game)
                (quad ?graph ?result <https://w3id.org/baseball/query-index/hitType> ?hitClass)
                (quad ?graph ?game <http://www.w3.org/1999/02/22-rdf-syntax-ns#type> <https://w3id.org/baseball/query-index/GameFact>)
                (quad ?graph ?game <https://w3id.org/baseball/query-index/season> ?season)
                (quad ?graph ?player <http://www.w3.org/2000/01/rdf-schema#label> ?playerLabel)
              )))))))
INFO  exec            :: Execute
  ?result <https://w3id.org/baseball/query-index/hitType> ?hitClass
  ?result rdf:type <https://w3id.org/baseball/query-index/HitFact>
  ?result <https://w3id.org/baseball/query-index/agent> ?player
  ?result <https://w3id.org/baseball/query-index/game> ?game
  ?game rdf:type <https://w3id.org/baseball/query-index/GameFact>
  ?game <https://w3id.org/baseball/query-index/season> ?season
  ?player rdfs:label ?playerLabel
