INFO  exec            :: QUERY
  PREFIX  idx:  <https://w3id.org/baseball/query-index/>
  PREFIX  rdfs: <http://www.w3.org/2000/01/rdf-schema#>

  SELECT  ?umpire ?umpireLabel (COUNT(DISTINCT ?game) AS ?games)
  WHERE
    { VALUES ?graph { <https://w3id.org/baseball/graph/query-index/game/822867> <https://w3id.org/baseball/graph/query-index/game/823431> <https://w3id.org/baseball/graph/query-index/game/823520> <https://w3id.org/baseball/graph/query-index/game/823757> <https://w3id.org/baseball/graph/query-index/game/824160> <https://w3id.org/baseball/graph/query-index/game/824324> <https://w3id.org/baseball/graph/query-index/game/824647> <https://w3id.org/baseball/graph/query-index/game/825095> }
      GRAPH ?graph
        { ?assignment  a                idx:AssignmentFact ;
                    idx:assignee        ?umpire ;
                    idx:assignmentType  idx:Umpire ;
                    idx:game            ?game .
          ?umpire   rdfs:label          ?umpireLabel
        }
    }
  GROUP BY ?umpire ?umpireLabel
  ORDER BY DESC(?games) lcase(str(?umpireLabel))
INFO  exec            :: ALGEBRA
  (project (?umpire ?umpireLabel ?games)
    (order ((desc ?games) (lcase (str ?umpireLabel)))
      (extend ((?games ?.0))
        (group (?umpire ?umpireLabel) ((?.0 (count distinct ?game)))
          (sequence
            (table (vars ?graph)
              (row [?graph <https://w3id.org/baseball/graph/query-index/game/822867>])
              (row [?graph <https://w3id.org/baseball/graph/query-index/game/823431>])
              (row [?graph <https://w3id.org/baseball/graph/query-index/game/823520>])
              (row [?graph <https://w3id.org/baseball/graph/query-index/game/823757>])
              (row [?graph <https://w3id.org/baseball/graph/query-index/game/824160>])
              (row [?graph <https://w3id.org/baseball/graph/query-index/game/824324>])
              (row [?graph <https://w3id.org/baseball/graph/query-index/game/824647>])
              (row [?graph <https://w3id.org/baseball/graph/query-index/game/825095>])
            )
            (quadpattern
              (quad ?graph ?assignment <http://www.w3.org/1999/02/22-rdf-syntax-ns#type> <https://w3id.org/baseball/query-index/AssignmentFact>)
              (quad ?graph ?assignment <https://w3id.org/baseball/query-index/assignee> ?umpire)
              (quad ?graph ?assignment <https://w3id.org/baseball/query-index/assignmentType> <https://w3id.org/baseball/query-index/Umpire>)
              (quad ?graph ?assignment <https://w3id.org/baseball/query-index/game> ?game)
              (quad ?graph ?umpire <http://www.w3.org/2000/01/rdf-schema#label> ?umpireLabel)
            ))))))
INFO  exec            :: TDB2
  (project (?umpire ?umpireLabel ?games)
    (order ((desc ?games) (lcase (str ?umpireLabel)))
      (extend ((?games ?.0))
        (group (?umpire ?umpireLabel) ((?.0 (count distinct ?game)))
          (sequence
            (table (vars ?graph)
              (row [?graph <https://w3id.org/baseball/graph/query-index/game/822867>])
              (row [?graph <https://w3id.org/baseball/graph/query-index/game/823431>])
              (row [?graph <https://w3id.org/baseball/graph/query-index/game/823520>])
              (row [?graph <https://w3id.org/baseball/graph/query-index/game/823757>])
              (row [?graph <https://w3id.org/baseball/graph/query-index/game/824160>])
              (row [?graph <https://w3id.org/baseball/graph/query-index/game/824324>])
              (row [?graph <https://w3id.org/baseball/graph/query-index/game/824647>])
              (row [?graph <https://w3id.org/baseball/graph/query-index/game/825095>])
            )
            (quadpattern
              (quad ?graph ?assignment <http://www.w3.org/1999/02/22-rdf-syntax-ns#type> <https://w3id.org/baseball/query-index/AssignmentFact>)
              (quad ?graph ?assignment <https://w3id.org/baseball/query-index/assignee> ?umpire)
              (quad ?graph ?assignment <https://w3id.org/baseball/query-index/assignmentType> <https://w3id.org/baseball/query-index/Umpire>)
              (quad ?graph ?assignment <https://w3id.org/baseball/query-index/game> ?game)
              (quad ?graph ?umpire <http://www.w3.org/2000/01/rdf-schema#label> ?umpireLabel)
            ))))))
INFO  exec            :: Execute
  ?assignment <https://w3id.org/baseball/query-index/assignmentType> <https://w3id.org/baseball/query-index/Umpire>
  ?assignment rdf:type <https://w3id.org/baseball/query-index/AssignmentFact>
  ?assignment <https://w3id.org/baseball/query-index/assignee> ?umpire
  ?assignment <https://w3id.org/baseball/query-index/game> ?game
  ?umpire rdfs:label ?umpireLabel
